\BOOKMARK [1][-]{section.1}{\376\377\137\025\212\000}{}% 1
\BOOKMARK [1][-]{section.2}{\376\377\166\370\121\163\135\345\117\134}{}% 2
\BOOKMARK [2][-]{subsection.2.1}{\376\377\232\330\121\111\214\061\137\161\120\317\134\021\150\067\147\054\122\006\174\173}{section.2}% 3
\BOOKMARK [2][-]{subsection.2.2}{\376\377\221\317\133\120\147\072\126\150\133\146\116\140\116\016\123\302\145\160\123\026\221\317\133\120\176\277\215\357}{section.2}% 4
\BOOKMARK [1][-]{section.3}{\376\377\145\271\154\325}{}% 5
\BOOKMARK [2][-]{subsection.3.1}{\376\377\140\073\117\123\150\106\147\266}{section.3}% 6
\BOOKMARK [2][-]{subsection.3.2}{\376\377\221\317\133\120\121\111\214\061\122\006\145\057}{section.3}% 7
\BOOKMARK [2][-]{subsection.3.3}{\376\377\136\246\221\317\133\146\116\140\166\356\150\007}{section.3}% 8
\BOOKMARK [2][-]{subsection.3.4}{\376\377\000C\000o\000n\000f\000i\000d\000e\000n\000c\000e\000-\000a\000w\000a\000r\000e\000\040\000g\000a\000t\000e}{section.3}% 9
\BOOKMARK [1][-]{section.4}{\376\377\133\236\232\214\213\276\177\156}{}% 10
\BOOKMARK [2][-]{subsection.4.1}{\376\377\145\160\143\156\226\306\116\016\230\204\131\004\164\006}{section.4}% 11
\BOOKMARK [2][-]{subsection.4.2}{\376\377\133\236\232\214\122\022\122\006\123\117\213\256}{section.4}% 12
\BOOKMARK [2][-]{subsection.4.3}{\376\377\133\371\153\324\152\041\127\213}{section.4}% 13
\BOOKMARK [1][-]{section.5}{\376\377\133\236\232\214\176\323\147\234\116\016\122\006\147\220}{}% 14
\BOOKMARK [2][-]{subsection.5.1}{\376\377\133\214\145\164\166\321\167\143\116\016\117\040\176\337\127\372\176\277\176\323\147\234}{section.5}% 15
\BOOKMARK [2][-]{subsection.5.2}{\376\377\000F\000e\000w\000-\000s\000h\000o\000t\000\040\116\073\176\323\147\234}{section.5}% 16
\BOOKMARK [2][-]{subsection.5.3}{\376\377\137\072\220\145\141\037\000\040\000b\000a\000s\000e\000l\000i\000n\000e\000\040\173\133\220\011\176\323\147\234}{section.5}% 17
\BOOKMARK [2][-]{subsection.5.4}{\376\377\000S\000a\000l\000i\000n\000a\000s\000\040\0001\0000\000-\000s\000h\000o\000t\000\040\215\037\217\301\171\373\122\006\147\220}{section.5}% 18
\BOOKMARK [2][-]{subsection.5.5}{\376\377\174\173\122\053\176\247\220\145\141\037\211\343\221\312}{section.5}% 19
\BOOKMARK [2][-]{subsection.5.6}{\376\377\146\076\204\127\140\047\150\300\232\214}{section.5}% 20
\BOOKMARK [2][-]{subsection.5.7}{\376\377\172\172\225\364\226\224\171\273\232\214\213\301}{section.5}% 21
\BOOKMARK [2][-]{subsection.5.8}{\376\377\215\104\156\220\131\015\147\102\136\246\122\006\147\220}{section.5}% 22
\BOOKMARK [2][-]{subsection.5.9}{\376\377\137\205\210\145\121\105\133\236\232\214}{section.5}% 23
\BOOKMARK [1][-]{section.6}{\376\377\213\250\213\272}{}% 24
\BOOKMARK [1][-]{section.7}{\376\377\176\323\213\272}{}% 25
